{
  "kind" : "Errors",
  "errors" : [ {
    "kind" : "SyntaxError",
    "message" : "Parse error near token INDENT:   ",
    "location" : [ 2, 1, 2, 2 ]
  }, {
    "kind" : "SyntaxError",
    "message" : "Parse error near token DEDENT: ",
    "location" : [ 3, 1, 3, 0 ]
  } ],
  "location" : [ 0, 0, 0, 0 ]
}
