{
  "kind" : "Errors",
  "errors" : [ {
    "kind" : "SyntaxError",
    "message" : "Parse error near token EQ: =",
    "location" : [ 1, 8, 1, 8 ]
  } ],
  "location" : [ 0, 0, 0, 0 ]
}
