{
  "kind" : "Program",
  "declarations" : [ {
    "kind" : "FuncDef",
    "name" : {
      "kind" : "Identifier",
      "name" : "foo",
      "location" : [ 2, 5, 2, 7 ]
    },
    "params" : [ {
      "kind" : "TypedVar",
      "identifier" : {
        "kind" : "Identifier",
        "name" : "x",
        "location" : [ 2, 9, 2, 9 ]
      },
      "type" : {
        "kind" : "ClassType",
        "className" : "int",
        "location" : [ 2, 11, 2, 13 ]
      },
      "location" : [ 2, 9, 2, 13 ]
    } ],
    "returnType" : {
      "kind" : "ClassType",
      "className" : "bool",
      "location" : [ 2, 19, 2, 22 ]
    },
    "declarations" : [ {
      "kind" : "VarDef",
      "var" : {
        "kind" : "TypedVar",
        "identifier" : {
          "kind" : "Identifier",
          "name" : "a",
          "location" : [ 3, 5, 3, 5 ]
        },
        "type" : {
          "kind" : "ClassType",
          "className" : "int",
          "location" : [ 3, 7, 3, 9 ]
        },
        "location" : [ 3, 5, 3, 9 ]
      },
      "value" : {
        "kind" : "IntegerLiteral",
        "value" : 0,
        "location" : [ 3, 13, 3, 13 ]
      },
      "location" : [ 3, 5, 3, 13 ]
    }, {
      "kind" : "VarDef",
      "var" : {
        "kind" : "TypedVar",
        "identifier" : {
          "kind" : "Identifier",
          "name" : "b",
          "location" : [ 4, 5, 4, 5 ]
        },
        "type" : {
          "kind" : "ClassType",
          "className" : "int",
          "location" : [ 4, 7, 4, 9 ]
        },
        "location" : [ 4, 5, 4, 9 ]
      },
      "value" : {
        "kind" : "IntegerLiteral",
        "value" : 1,
        "location" : [ 4, 13, 4, 13 ]
      },
      "location" : [ 4, 5, 4, 13 ]
    }, {
      "kind" : "FuncDef",
      "name" : {
        "kind" : "Identifier",
        "name" : "bar",
        "location" : [ 5, 9, 5, 11 ]
      },
      "params" : [ {
        "kind" : "TypedVar",
        "identifier" : {
          "kind" : "Identifier",
          "name" : "y",
          "location" : [ 5, 13, 5, 13 ]
        },
        "type" : {
          "kind" : "ClassType",
          "className" : "int",
          "location" : [ 5, 16, 5, 18 ]
        },
        "location" : [ 5, 13, 5, 18 ]
      } ],
      "returnType" : {
        "kind" : "ClassType",
        "className" : "int",
        "location" : [ 5, 24, 5, 26 ]
      },
      "declarations" : [ {
        "kind" : "NonLocalDecl",
        "variable" : {
          "kind" : "Identifier",
          "name" : "a",
          "location" : [ 6, 18, 6, 18 ]
        },
        "location" : [ 6, 18, 6, 18 ]
      } ],
      "statements" : [ {
        "kind" : "VarAssignStmt",
        "var" : {
          "kind" : "Identifier",
          "name" : "a",
          "location" : [ 7, 9, 7, 9 ]
        },
        "value" : {
          "kind" : "IntegerLiteral",
          "value" : 2,
          "location" : [ 7, 13, 7, 13 ]
        },
        "location" : [ 7, 9, 7, 13 ]
      }, {
        "kind" : "ReturnStmt",
        "value" : {
          "kind" : "Identifier",
          "name" : "y",
          "location" : [ 8, 16, 8, 16 ]
        },
        "location" : [ 8, 9, 8, 16 ]
      } ],
      "location" : [ 5, 5, 8, 16 ]
    } ],
    "statements" : [ {
      "kind" : "ReturnStmt",
      "value" : {
        "kind" : "BinaryExpr",
        "left" : {
          "kind" : "CallExpr",
          "function" : {
            "kind" : "Identifier",
            "name" : "bar",
            "location" : [ 9, 12, 9, 14 ]
          },
          "args" : [ {
            "kind" : "Identifier",
            "name" : "x",
            "location" : [ 9, 16, 9, 16 ]
          } ],
          "location" : [ 9, 12, 9, 17 ]
        },
        "operator" : ">",
        "right" : {
          "kind" : "Identifier",
          "name" : "a",
          "location" : [ 9, 21, 9, 21 ]
        },
        "location" : [ 9, 12, 9, 21 ]
      },
      "location" : [ 9, 5, 9, 21 ]
    } ],
    "location" : [ 2, 1, 9, 21 ]
  } ],
  "statements" : [ {
    "kind" : "ExprStmt",
    "expr" : {
      "kind" : "CallExpr",
      "function" : {
        "kind" : "Identifier",
        "name" : "foo",
        "location" : [ 11, 1, 11, 3 ]
      },
      "args" : [ {
        "kind" : "IntegerLiteral",
        "value" : 1,
        "location" : [ 11, 5, 11, 5 ]
      } ],
      "location" : [ 11, 1, 11, 6 ]
    },
    "location" : [ 11, 1, 11, 6 ]
  } ],
  "location" : [ 2, 1, 11, 6 ]
}
