{
  "kind" : "Program",
  "declarations" : [ ],
  "statements" : [ {
    "kind" : "ExprStmt",
    "expr" : {
      "kind" : "BinaryExpr",
      "left" : {
        "kind" : "BinaryExpr",
        "left" : {
          "kind" : "IntegerLiteral",
          "value" : 1,
          "location" : [ 1, 1, 1, 1 ]
        },
        "operator" : "+",
        "right" : {
          "kind" : "IntegerLiteral",
          "value" : 2,
          "location" : [ 1, 5, 1, 5 ]
        },
        "location" : [ 1, 1, 1, 5 ]
      },
      "operator" : "+",
      "right" : {
        "kind" : "IntegerLiteral",
        "value" : 3,
        "location" : [ 1, 9, 1, 9 ]
      },
      "location" : [ 1, 1, 1, 9 ]
    },
    "location" : [ 1, 1, 1, 9 ]
  } ],
  "location" : [ 1, 1, 1, 9 ]
}
