{
  "kind" : "Program",
  "declarations" : [ ],
  "statements" : [ {
    "kind" : "ExprStmt",
    "expr" : {
      "kind" : "UnaryExpr",
      "operator" : "-",
      "operand" : {
        "kind" : "IntegerLiteral",
        "value" : 1,
        "location" : [ 1, 2, 1, 2 ]
      },
      "location" : [ 1, 1, 1, 2 ]
    },
    "location" : [ 1, 1, 1, 2 ]
  } ],
  "location" : [ 1, 1, 1, 2 ]
}
