{
  "kind" : "Program",
  "declarations" : [ ],
  "statements" : [ {
    "kind" : "ExprStmt",
    "expr" : {
      "kind" : "BinaryExpr",
      "left" : {
        "kind" : "Identifier",
        "name" : "a",
        "location" : [ 1, 1, 1, 1 ]
      },
      "operator" : "+",
      "right" : {
        "kind" : "IndexExpr",
        "list" : {
          "kind" : "IndexExpr",
          "list" : {
            "kind" : "Identifier",
            "name" : "b",
            "location" : [ 1, 5, 1, 5 ]
          },
          "index" : {
            "kind" : "Identifier",
            "name" : "i",
            "location" : [ 1, 7, 1, 7 ]
          },
          "location" : [ 1, 5, 1, 8 ]
        },
        "index" : {
          "kind" : "Identifier",
          "name" : "j",
          "location" : [ 1, 10, 1, 10 ]
        },
        "location" : [ 1, 5, 1, 11 ]
      },
      "location" : [ 1, 1, 1, 11 ]
    },
    "location" : [ 1, 1, 1, 11 ]
  } ],
  "location" : [ 1, 1, 1, 11 ]
}
