{
  "kind" : "Program",
  "declarations" : [ {
    "kind" : "VarDef",
    "var" : {
      "kind" : "TypedVar",
      "identifier" : {
        "kind" : "Identifier",
        "name" : "x",
        "location" : [ 1, 1, 1, 1 ]
      },
      "type" : {
        "kind" : "ClassType",
        "className" : "int",
        "location" : [ 1, 3, 1, 5 ]
      },
      "location" : [ 1, 1, 1, 5 ]
    },
    "value" : {
      "kind" : "IntegerLiteral",
      "value" : 1,
      "location" : [ 1, 9, 1, 9 ]
    },
    "location" : [ 1, 1, 1, 9 ]
  } ],
  "statements" : [ {
    "kind" : "VarAssignStmt",
    "var" : {
      "kind" : "Identifier",
      "name" : "x",
      "location" : [ 3, 1, 3, 1 ]
    },
    "value" : {
      "kind" : "IntegerLiteral",
      "value" : 2,
      "location" : [ 3, 5, 3, 5 ]
    },
    "location" : [ 3, 1, 3, 5 ]
  }, {
    "kind" : "ExprStmt",
    "expr" : {
      "kind" : "CallExpr",
      "function" : {
        "kind" : "Identifier",
        "name" : "print",
        "location" : [ 5, 1, 5, 5 ]
      },
      "args" : [ {
        "kind" : "Identifier",
        "name" : "x",
        "location" : [ 5, 7, 5, 7 ]
      } ],
      "location" : [ 5, 1, 5, 8 ]
    },
    "location" : [ 5, 1, 5, 8 ]
  } ],
  "location" : [ 0, 0, 5, 9 ]
}
