{
  "kind" : "Program",
  "declarations" : [ ],
  "statements" : [ {
    "kind" : "ExprStmt",
    "expr" : {
      "kind" : "BooleanLiteral",
      "value" : true,
      "location" : [ 1, 1, 1, 4 ]
    },
    "location" : [ 1, 1, 1, 4 ]
  }, {
    "kind" : "ExprStmt",
    "expr" : {
      "kind" : "BooleanLiteral",
      "value" : false,
      "location" : [ 2, 1, 2, 5 ]
    },
    "location" : [ 2, 1, 2, 5 ]
  }, {
    "kind" : "ExprStmt",
    "expr" : {
      "kind" : "IntegerLiteral",
      "value" : 1,
      "location" : [ 3, 1, 3, 1 ]
    },
    "location" : [ 3, 1, 3, 1 ]
  }, {
    "kind" : "ExprStmt",
    "expr" : {
      "kind" : "NoneLiteral",
      "location" : [ 4, 1, 4, 4 ]
    },
    "location" : [ 4, 1, 4, 4 ]
  }, {
    "kind" : "ExprStmt",
    "expr" : {
      "kind" : "StringLiteral",
      "value" : "This is a string",
      "location" : [ 5, 1, 5, 18 ]
    },
    "location" : [ 5, 1, 5, 18 ]
  }, {
    "kind" : "ExprStmt",
    "expr" : {
      "kind" : "ListExpr",
      "elements" : [ {
        "kind" : "IntegerLiteral",
        "value" : 1,
        "location" : [ 6, 2, 6, 2 ]
      }, {
        "kind" : "IntegerLiteral",
        "value" : 2,
        "location" : [ 6, 5, 6, 5 ]
      }, {
        "kind" : "IntegerLiteral",
        "value" : 3,
        "location" : [ 6, 8, 6, 8 ]
      } ],
      "location" : [ 6, 1, 6, 9 ]
    },
    "location" : [ 6, 1, 6, 9 ]
  } ],
  "location" : [ 0, 0, 6, 10 ]
}
