{
  "kind" : "Program",
  "declarations" : [ ],
  "statements" : [ {
    "kind" : "IfStmt",
    "condition" : {
      "kind" : "BooleanLiteral",
      "value" : true,
      "location" : [ 1, 4, 1, 7 ]
    },
    "thenBody" : [ {
      "kind" : "ExprStmt",
      "expr" : {
        "kind" : "BooleanLiteral",
        "value" : false,
        "location" : [ 2, 5, 2, 9 ]
      },
      "location" : [ 2, 5, 2, 9 ]
    } ],
    "elseBody" : [ ],
    "location" : [ 1, 1, 2, 9 ]
  } ],
  "location" : [ 1, 1, 2, 9 ]
}
