{
  "kind" : "Program",
  "declarations" : [ {
    "kind" : "VarDef",
    "var" : {
      "kind" : "TypedVar",
      "identifier" : {
        "kind" : "Identifier",
        "name" : "x",
        "location" : [ 1, 1, 1, 1 ]
      },
      "type" : {
        "kind" : "ClassType",
        "className" : "int",
        "location" : [ 1, 3, 1, 5 ]
      },
      "location" : [ 1, 1, 1, 5 ]
    },
    "value" : {
      "kind" : "IntegerLiteral",
      "value" : 0,
      "location" : [ 1, 9, 1, 9 ]
    },
    "location" : [ 1, 1, 1, 9 ]
  } ],
  "statements" : [ {
    "kind" : "ForStmt",
    "identifier" : {
      "kind" : "Identifier",
      "name" : "x",
      "location" : [ 2, 5, 2, 5 ]
    },
    "iterable" : {
      "kind" : "ListExpr",
      "elements" : [ {
        "kind" : "IntegerLiteral",
        "value" : 1,
        "location" : [ 2, 11, 2, 11 ]
      }, {
        "kind" : "IntegerLiteral",
        "value" : 2,
        "location" : [ 2, 14, 2, 14 ]
      }, {
        "kind" : "IntegerLiteral",
        "value" : 3,
        "location" : [ 2, 17, 2, 17 ]
      } ],
      "location" : [ 2, 10, 2, 18 ]
    },
    "body" : [ {
      "kind" : "ExprStmt",
      "expr" : {
        "kind" : "CallExpr",
        "function" : {
          "kind" : "Identifier",
          "name" : "print",
          "location" : [ 3, 5, 3, 9 ]
        },
        "args" : [ {
          "kind" : "Identifier",
          "name" : "x",
          "location" : [ 3, 11, 3, 11 ]
        } ],
        "location" : [ 3, 5, 3, 12 ]
      },
      "location" : [ 3, 5, 3, 12 ]
    } ],
    "location" : [ 2, 1, 5, 0 ]
  } ],
  "location" : [ 0, 0, 5, 0 ]
}
