{
  "kind" : "Program",
  "declarations" : [ {
    "kind" : "VarDef",
    "var" : {
      "kind" : "TypedVar",
      "identifier" : {
        "kind" : "Identifier",
        "name" : "x",
        "location" : [ 1, 1, 1, 1 ]
      },
      "type" : {
        "kind" : "ClassType",
        "className" : "int",
        "location" : [ 1, 3, 1, 5 ]
      },
      "location" : [ 1, 1, 1, 5 ]
    },
    "value" : {
      "kind" : "NoneLiteral",
      "location" : [ 1, 9, 1, 12 ]
    },
    "location" : [ 1, 1, 1, 12 ]
  } ],
  "statements" : [ {
    "kind" : "VarAssignStmt",
    "var" : {
      "kind" : "Identifier",
      "name" : "x",
      "location" : [ 3, 1, 3, 1 ]
    },
    "value" : {
      "kind" : "ListExpr",
      "elements" : [ {
        "kind" : "IntegerLiteral",
        "value" : 1,
        "location" : [ 3, 6, 3, 6 ]
      }, {
        "kind" : "IntegerLiteral",
        "value" : 2,
        "location" : [ 3, 9, 3, 9 ]
      }, {
        "kind" : "IntegerLiteral",
        "value" : 3,
        "location" : [ 3, 12, 3, 12 ]
      } ],
      "location" : [ 3, 5, 3, 13 ]
    },
    "location" : [ 3, 1, 3, 13 ]
  }, {
    "kind" : "IndexAssignStmt",
    "listElement" : {
      "kind" : "IndexExpr",
      "list" : {
        "kind" : "Identifier",
        "name" : "x",
        "location" : [ 4, 1, 4, 1 ]
      },
      "index" : {
        "kind" : "IntegerLiteral",
        "value" : 0,
        "location" : [ 4, 3, 4, 3 ]
      },
      "location" : [ 4, 1, 4, 4 ]
    },
    "value" : {
      "kind" : "IndexExpr",
      "list" : {
        "kind" : "Identifier",
        "name" : "x",
        "location" : [ 4, 8, 4, 8 ]
      },
      "index" : {
        "kind" : "IntegerLiteral",
        "value" : 1,
        "location" : [ 4, 10, 4, 10 ]
      },
      "location" : [ 4, 8, 4, 11 ]
    },
    "location" : [ 4, 1, 4, 11 ]
  } ],
  "location" : [ 1, 1, 4, 11 ]
}
